#0 building with "default" instance using docker driver

#1 [moderacion internal] load build definition from Dockerfile
#1 transferring dockerfile: 432B done
#1 DONE 0.0s

#2 [moderacion internal] load metadata for docker.io/library/python:3.12-slim
#2 DONE 0.0s

#3 [moderacion internal] load .dockerignore
#3 transferring context: 2B done
#3 DONE 0.0s

#4 [moderacion 1/7] FROM docker.io/library/python:3.12-slim
#4 DONE 0.0s

#5 [moderacion internal] load build context
#5 transferring context: 288B done
#5 DONE 0.0s

#6 [moderacion 6/7] COPY vista_previa_resena.py .
#6 CACHED

#7 [moderacion 5/7] COPY moderador.py .
#7 CACHED

#8 [moderacion 3/7] COPY requirements.txt .
#8 CACHED

#9 [moderacion 2/7] WORKDIR /app
#9 CACHED

#10 [moderacion 4/7] RUN pip install --no-cache-dir -r requirements.txt
#10 CACHED

#11 [moderacion 7/7] RUN useradd --create-home --uid 10001 appuser
#11 CACHED

#12 [moderacion] exporting to image
#12 exporting layers done
#12 writing image sha256:408798fb0b4a3ac54d10450d4e7cfdea763aa6719b95703a9c827ea8c155a900 done
#12 naming to docker.io/library/avance2-foro-resenas-lsca2314-moderacion done
#12 DONE 0.0s

#13 [moderacion] resolving provenance for metadata file
#13 DONE 0.0s

#14 [api internal] load build definition from Dockerfile
#14 transferring dockerfile: 452B done
#14 DONE 0.0s

#2 [api internal] load metadata for docker.io/library/python:3.12-slim
#2 DONE 0.0s

#15 [api internal] load .dockerignore
#15 transferring context: 2B done
#15 DONE 0.0s

#4 [api 1/7] FROM docker.io/library/python:3.12-slim
#4 DONE 0.0s

#16 [api internal] load build context
#16 transferring context: 362B done
#16 DONE 0.0s

#17 [api 6/7] COPY static/ ./static/
#17 CACHED

#9 [api 2/7] WORKDIR /app
#9 CACHED

#18 [api 3/7] COPY requirements.txt .
#18 CACHED

#19 [api 4/7] RUN pip install --no-cache-dir -r requirements.txt
#19 CACHED

#20 [api 5/7] COPY api.py .
#20 CACHED

#21 [api 7/7] RUN useradd --create-home --uid 10001 appuser     && chown -R appuser:appuser /app
#21 CACHED

#22 [api] exporting to image
#22 exporting layers done
#22 writing image sha256:3ec881caa697549f10f42b9c2ed5640bbb6dd069fa93c114b766533339a3e502 done
#22 naming to docker.io/library/avance2-foro-resenas-lsca2314-api done
#22 DONE 0.0s

#23 [api] resolving provenance for metadata file
#23 DONE 0.0s
 Container avance2-foro-resenas-lsca2314-moderacion-1  Running
 Container avance2-foro-resenas-lsca2314-api-1  Running
