2026-09-17T01:34:46Z etapa="10 Secretos en el codigo" estado=FALLA bloquea=si
2026-09-17T01:34:46Z etapa="20 Secretos en el historial" estado=PASA bloquea=no
2026-09-17T01:34:46Z etapa="30 Dependencias (SCA)" estado=FALLA bloquea=si
2026-09-17T01:34:46Z etapa="40 Codigo propio (SAST)" estado=PASA bloquea=si
2026-09-17T01:34:46Z etapa="50 Infraestructura (IaC)" estado=FALLA bloquea=si
2026-09-17T01:34:46Z etapa="60 Imagenes de contenedor" estado=PASA bloquea=si
2026-09-17T01:34:46Z etapa="70 SBOM (evidencia)" estado=PASA bloquea=no
2026-09-17T01:34:46Z etapa="80 Pruebas dinamicas (DAST)" estado=PASA bloquea=si
2026-09-17T01:34:46Z resultado=BLOQUEADO etapas_fallidas=3
2026-09-17T01:56:13Z etapa="10 Secretos en el codigo" estado=PASA bloquea=si
2026-09-17T01:56:13Z etapa="20 Secretos en el historial" estado=PASA bloquea=no
2026-09-17T01:56:13Z etapa="30 Dependencias (SCA)" estado=PASA bloquea=si
2026-09-17T01:56:13Z etapa="40 Codigo propio (SAST)" estado=PASA bloquea=si
2026-09-17T01:56:13Z etapa="50 Infraestructura (IaC)" estado=PASA bloquea=si
2026-09-17T01:56:13Z etapa="60 Imagenes de contenedor" estado=PASA bloquea=si
2026-09-17T01:56:13Z etapa="70 SBOM (evidencia)" estado=PASA bloquea=no
2026-09-17T01:56:13Z etapa="80 Pruebas dinamicas (DAST)" estado=PASA bloquea=si
2026-09-17T01:56:13Z resultado=PERMITIDO
2026-09-17T02:58:02Z etapa="10 Secretos en el codigo" estado=PASA bloquea=si
2026-09-17T02:58:02Z etapa="20 Secretos en el historial" estado=PASA bloquea=no
2026-09-17T02:58:02Z etapa="30 Dependencias (SCA)" estado=PASA bloquea=si
2026-09-17T02:58:02Z etapa="40 Codigo propio (SAST)" estado=PASA bloquea=si
2026-09-17T02:58:02Z etapa="50 Infraestructura (IaC)" estado=PASA bloquea=si
2026-09-17T02:58:02Z etapa="60 Imagenes de contenedor" estado=PASA bloquea=si
2026-09-17T02:58:02Z etapa="70 SBOM (evidencia)" estado=PASA bloquea=no
2026-09-17T02:58:02Z etapa="80 Pruebas dinamicas (DAST)" estado=PASA bloquea=si
2026-09-17T02:58:02Z resultado=PERMITIDO
2026-09-17T03:06:29Z etapa="10 Secretos en el codigo" estado=PASA bloquea=si
2026-09-17T03:06:29Z etapa="20 Secretos en el historial" estado=PASA bloquea=no
2026-09-17T03:06:29Z etapa="30 Dependencias (SCA)" estado=PASA bloquea=si
2026-09-17T03:06:29Z etapa="40 Codigo propio (SAST)" estado=PASA bloquea=si
2026-09-17T03:06:29Z etapa="50 Infraestructura (IaC)" estado=PASA bloquea=si
2026-09-17T03:06:29Z etapa="60 Imagenes de contenedor" estado=PASA bloquea=si
2026-09-17T03:06:29Z etapa="70 SBOM (evidencia)" estado=PASA bloquea=no
2026-09-17T03:06:29Z etapa="80 Pruebas dinamicas (DAST)" estado=PASA bloquea=si
2026-09-17T03:06:29Z resultado=PERMITIDO
2026-09-17T03:13:02Z etapa="10 Secretos en el codigo" estado=PASA bloquea=si
2026-09-17T03:13:02Z etapa="20 Secretos en el historial" estado=PASA bloquea=no
2026-09-17T03:13:02Z etapa="30 Dependencias (SCA)" estado=PASA bloquea=si
2026-09-17T03:13:02Z etapa="40 Codigo propio (SAST)" estado=PASA bloquea=si
2026-09-17T03:13:02Z etapa="50 Infraestructura (IaC)" estado=PASA bloquea=si
2026-09-17T03:13:02Z etapa="60 Imagenes de contenedor" estado=PASA bloquea=si
2026-09-17T03:13:02Z etapa="70 SBOM (evidencia)" estado=PASA bloquea=no
2026-09-17T03:13:02Z etapa="80 Pruebas dinamicas (DAST)" estado=PASA bloquea=si
2026-09-17T03:13:02Z resultado=PERMITIDO
2026-09-24T23:13:42Z etapa="10 Secretos en el codigo" estado=PASA bloquea=si
2026-09-24T23:13:42Z etapa="20 Secretos en el historial" estado=PASA bloquea=no
2026-09-24T23:13:42Z etapa="30 Dependencias (SCA)" estado=PASA bloquea=si
2026-09-24T23:13:42Z etapa="40 Codigo propio (SAST)" estado=PASA bloquea=si
2026-09-24T23:13:42Z etapa="50 Infraestructura (IaC)" estado=PASA bloquea=si
2026-09-24T23:13:42Z etapa="60 Imagenes de contenedor" estado=PASA bloquea=si
2026-09-24T23:13:42Z etapa="70 SBOM (evidencia)" estado=PASA bloquea=no
2026-09-24T23:13:42Z etapa="80 Pruebas dinamicas (DAST)" estado=FALLA bloquea=si
2026-09-24T23:13:42Z resultado=BLOQUEADO etapas_fallidas=1
2026-09-24T23:22:27Z etapa="10 Secretos en el codigo" estado=PASA bloquea=si
2026-09-24T23:22:27Z etapa="20 Secretos en el historial" estado=PASA bloquea=no
2026-09-24T23:22:27Z etapa="30 Dependencias (SCA)" estado=PASA bloquea=si
2026-09-24T23:22:27Z etapa="40 Codigo propio (SAST)" estado=PASA bloquea=si
2026-09-24T23:22:27Z etapa="50 Infraestructura (IaC)" estado=PASA bloquea=si
2026-09-24T23:22:27Z etapa="60 Imagenes de contenedor" estado=PASA bloquea=si
2026-09-24T23:22:27Z etapa="70 SBOM (evidencia)" estado=PASA bloquea=no
2026-09-24T23:22:27Z etapa="80 Pruebas dinamicas (DAST)" estado=PASA bloquea=si
2026-09-24T23:22:27Z resultado=PERMITIDO
2026-09-25T00:24:28Z etapa="10 Secretos en el codigo" estado=PASA bloquea=si
2026-09-25T00:24:28Z etapa="20 Secretos en el historial" estado=PASA bloquea=no
2026-09-25T00:24:28Z etapa="30 Dependencias (SCA)" estado=PASA bloquea=si
2026-09-25T00:24:28Z etapa="40 Codigo propio (SAST)" estado=FALLA bloquea=si
2026-09-25T00:24:28Z etapa="50 Infraestructura (IaC)" estado=PASA bloquea=si
2026-09-25T00:24:28Z etapa="60 Imagenes de contenedor" estado=PASA bloquea=si
2026-09-25T00:24:28Z etapa="70 SBOM (evidencia)" estado=PASA bloquea=no
2026-09-25T00:24:28Z etapa="80 Pruebas dinamicas (DAST)" estado=PASA bloquea=si
2026-09-25T00:24:28Z resultado=BLOQUEADO etapas_fallidas=1
2026-09-25T01:29:35Z etapa="10 Secretos en el codigo" estado=PASA bloquea=si
2026-09-25T01:29:35Z etapa="20 Secretos en el historial" estado=PASA bloquea=no
2026-09-25T01:29:35Z etapa="30 Dependencias (SCA)" estado=PASA bloquea=si
2026-09-25T01:29:35Z etapa="40 Codigo propio (SAST)" estado=FALLA bloquea=si
2026-09-25T01:29:35Z etapa="50 Infraestructura (IaC)" estado=PASA bloquea=si
2026-09-25T01:29:35Z etapa="60 Imagenes de contenedor" estado=PASA bloquea=si
2026-09-25T01:29:35Z etapa="70 SBOM (evidencia)" estado=PASA bloquea=no
2026-09-25T01:29:35Z etapa="80 Pruebas dinamicas (DAST)" estado=PASA bloquea=si
2026-09-25T01:29:35Z resultado=BLOQUEADO etapas_fallidas=1
2026-09-25T20:06:24Z etapa="10 Secretos en el codigo" estado=PASA bloquea=si
2026-09-25T20:06:24Z etapa="20 Secretos en el historial" estado=PASA bloquea=no
2026-09-25T20:06:24Z etapa="30 Dependencias (SCA)" estado=PASA bloquea=si
2026-09-25T20:06:24Z etapa="40 Codigo propio (SAST)" estado=PASA bloquea=si
2026-09-25T20:06:24Z etapa="50 Infraestructura (IaC)" estado=PASA bloquea=si
2026-09-25T20:06:24Z etapa="60 Imagenes de contenedor" estado=PASA bloquea=si
2026-09-25T20:06:24Z etapa="70 SBOM (evidencia)" estado=PASA bloquea=no
2026-09-25T20:06:24Z etapa="80 Pruebas dinamicas (DAST)" estado=PASA bloquea=si
2026-09-25T20:06:24Z resultado=PERMITIDO
2026-09-26T19:11:07Z etapa="10 Secretos en el codigo" estado=PASA bloquea=si
2026-09-26T19:11:07Z etapa="20 Secretos en el historial" estado=PASA bloquea=no
2026-09-26T19:11:07Z etapa="30 Dependencias (SCA)" estado=PASA bloquea=si
2026-09-26T19:11:07Z etapa="40 Codigo propio (SAST)" estado=PASA bloquea=si
2026-09-26T19:11:07Z etapa="50 Infraestructura (IaC)" estado=PASA bloquea=si
2026-09-26T19:11:07Z etapa="60 Imagenes de contenedor" estado=PASA bloquea=si
2026-09-26T19:11:07Z etapa="70 SBOM (evidencia)" estado=PASA bloquea=no
2026-09-26T19:11:07Z etapa="80 Pruebas dinamicas (DAST)" estado=PASA bloquea=si
2026-09-26T19:11:07Z resultado=PERMITIDO
2026-09-27T23:49:36Z etapa="10 Secretos en el codigo" estado=PASA bloquea=si
2026-09-27T23:49:36Z etapa="20 Secretos en el historial" estado=PASA bloquea=no
2026-09-27T23:49:36Z etapa="30 Dependencias (SCA)" estado=PASA bloquea=si
2026-09-27T23:49:36Z etapa="40 Codigo propio (SAST)" estado=PASA bloquea=si
2026-09-27T23:49:36Z etapa="50 Infraestructura (IaC)" estado=PASA bloquea=si
2026-09-27T23:49:36Z etapa="60 Imagenes de contenedor" estado=PASA bloquea=si
2026-09-27T23:49:36Z etapa="70 SBOM (evidencia)" estado=PASA bloquea=no
2026-09-27T23:49:36Z etapa="80 Pruebas dinamicas (DAST)" estado=PASA bloquea=si
2026-09-27T23:49:36Z resultado=PERMITIDO
